// Jest Snapshot v1, https://goo.gl/fbAQLP

exports[`Resources generateApiUrl Should throw message equal to: Is necerrary send all parameters! 1`] = `"Is necerrary send all parameters!"`;

exports[`Resources routes Should match with snapshot 1`] = `
Object {
  "characters": "characters",
}
`;

exports[`Resources urlApiParameters Should match with snapshot 1`] = `
Object {
  "BASE_URL": undefined,
  "PATH": "",
  "PRIVATE_KEY": undefined,
  "PUBLIC_KEY": undefined,
  "TIMESTAMP": "",
}
`;
