// Jest Snapshot v1, https://goo.gl/fbAQLP

exports[`Resources generateApiUrl Should throw message equal to: Is necerrary send all parameters! 1`] = `"Cannot destructure property \`BASE_URL\` of 'undefined' or 'null'."`;

exports[`Resources routes Should match with snapshot 1`] = `
Object {
  "characters": "characters",
}
`;

exports[`Resources urlApiParameters Should match with snapshot 1`] = `
Object {
  "BASE_URL": "http://teste.com.br",
  "PATH": "",
  "PRIVATE_KEY": "888888888888",
  "PUBLIC_KEY": "99999999999",
  "TIMESTAMP": "",
}
`;
